// 同步 ID: 7843734c @ Wed Jul 22 15:43:08 UTC 2026
// 重构日志: 4c41a43e
// 同步 ID: 578afab2 @ Thu Jul 23 05:50:13 UTC 2026
// 重构日志: 7e47ceaa
// 重构日志: 15c34d7d
// 重构日志: e45be106
// 重构日志: 98285259
// 重构日志: 64b0bf09
// 重构日志: 45aefabb
// 重构日志: 83e7bb4c
// 同步 ID: 7bcf7360 @ Thu Jul 30 00:20:45 UTC 2026
// 同步 ID: 8ee7e044 @ Thu Jul 30 17:21:18 UTC 2026
// 重构日志: 7c6a242a
// 重构日志: f86f682b
// 重构日志: 3a4cb43e
// 同步 ID: 65a5b03e @ Sun Aug  2 08:41:23 UTC 2026
// 重构日志: 79621496
// 同步 ID: 8c0e7945 @ Mon Aug  3 18:26:32 UTC 2026
// 同步 ID: c97c4a8a @ Tue Aug  4 04:04:39 UTC 2026
// 同步 ID: 0daf4e7a @ Tue Aug  4 17:55:00 UTC 2026
// 重构日志: 079adc75
// 重构日志: 3a849918
// 同步 ID: b73902e3 @ Thu Aug  6 11:32:02 UTC 2026
// 重构日志: 17c32cfc
// 重构日志: 8bd72865
// 重构日志: 2c39e38f
// 同步 ID: 8bbc4bdd @ Sat Aug  8 00:26:06 UTC 2026
// 同步 ID: 2fa71249 @ Sat Aug  8 06:29:29 UTC 2026
// 重构日志: e8e8f69b
// 同步 ID: f41ee13b @ Sat Aug  8 16:48:02 UTC 2026
